// Jest Snapshot v1, https://goo.gl/fbAQLP

exports[`seeds .build() seeded dungeons should be consistent 1`] = `
Object {
  "rooms": Array [
    Object {
      "height": 3,
      "width": 3,
      "x": 5,
      "y": 7,
    },
    Object {
      "height": 11,
      "width": 7,
      "x": 9,
      "y": 5,
    },
    Object {
      "height": 3,
      "width": 3,
      "x": 5,
      "y": 17,
    },
    Object {
      "height": 3,
      "width": 5,
      "x": 13,
      "y": 1,
    },
    Object {
      "height": 3,
      "width": 3,
      "x": 5,
      "y": 3,
    },
    Object {
      "height": 3,
      "width": 3,
      "x": 17,
      "y": 9,
    },
    Object {
      "height": 3,
      "width": 5,
      "x": 1,
      "y": 11,
    },
  ],
  "seed": "snickbit",
  "tiles": Array [
    Array [
      Object {
        "type": "wall",
        "x": 0,
        "y": 0,
      },
      Object {
        "type": "wall",
        "x": 0,
        "y": 1,
      },
      Object {
        "type": "wall",
        "x": 0,
        "y": 2,
      },
      Object {
        "type": "wall",
        "x": 0,
        "y": 3,
      },
      Object {
        "type": "wall",
        "x": 0,
        "y": 4,
      },
      Object {
        "type": "wall",
        "x": 0,
        "y": 5,
      },
      Object {
        "type": "wall",
        "x": 0,
        "y": 6,
      },
      Object {
        "type": "wall",
        "x": 0,
        "y": 7,
      },
      Object {
        "type": "wall",
        "x": 0,
        "y": 8,
      },
      Object {
        "type": "wall",
        "x": 0,
        "y": 9,
      },
      Object {
        "type": "wall",
        "x": 0,
        "y": 10,
      },
      Object {
        "type": "wall",
        "x": 0,
        "y": 11,
      },
      Object {
        "type": "wall",
        "x": 0,
        "y": 12,
      },
      Object {
        "type": "wall",
        "x": 0,
        "y": 13,
      },
      Object {
        "type": "wall",
        "x": 0,
        "y": 14,
      },
      Object {
        "type": "wall",
        "x": 0,
        "y": 15,
      },
      Object {
        "type": "wall",
        "x": 0,
        "y": 16,
      },
      Object {
        "type": "wall",
        "x": 0,
        "y": 17,
      },
      Object {
        "type": "wall",
        "x": 0,
        "y": 18,
      },
      Object {
        "type": "wall",
        "x": 0,
        "y": 19,
      },
      Object {
        "type": "wall",
        "x": 0,
        "y": 20,
      },
    ],
    Array [
      Object {
        "type": "wall",
        "x": 1,
        "y": 0,
      },
      Object {
        "type": "wall",
        "x": 1,
        "y": 1,
      },
      Object {
        "type": "wall",
        "x": 1,
        "y": 2,
      },
      Object {
        "type": "wall",
        "x": 1,
        "y": 3,
      },
      Object {
        "type": "wall",
        "x": 1,
        "y": 4,
      },
      Object {
        "type": "wall",
        "x": 1,
        "y": 5,
      },
      Object {
        "type": "wall",
        "x": 1,
        "y": 6,
      },
      Object {
        "type": "wall",
        "x": 1,
        "y": 7,
      },
      Object {
        "type": "wall",
        "x": 1,
        "y": 8,
      },
      Object {
        "type": "floor",
        "x": 1,
        "y": 9,
      },
      Object {
        "type": "door",
        "x": 1,
        "y": 10,
      },
      Object {
        "type": "floor",
        "x": 1,
        "y": 11,
      },
      Object {
        "type": "floor",
        "x": 1,
        "y": 12,
      },
      Object {
        "type": "floor",
        "x": 1,
        "y": 13,
      },
      Object {
        "type": "wall",
        "x": 1,
        "y": 14,
      },
      Object {
        "type": "wall",
        "x": 1,
        "y": 15,
      },
      Object {
        "type": "wall",
        "x": 1,
        "y": 16,
      },
      Object {
        "type": "wall",
        "x": 1,
        "y": 17,
      },
      Object {
        "type": "wall",
        "x": 1,
        "y": 18,
      },
      Object {
        "type": "wall",
        "x": 1,
        "y": 19,
      },
      Object {
        "type": "wall",
        "x": 1,
        "y": 20,
      },
    ],
    Array [
      Object {
        "type": "wall",
        "x": 2,
        "y": 0,
      },
      Object {
        "type": "wall",
        "x": 2,
        "y": 1,
      },
      Object {
        "type": "wall",
        "x": 2,
        "y": 2,
      },
      Object {
        "type": "wall",
        "x": 2,
        "y": 3,
      },
      Object {
        "type": "wall",
        "x": 2,
        "y": 4,
      },
      Object {
        "type": "wall",
        "x": 2,
        "y": 5,
      },
      Object {
        "type": "wall",
        "x": 2,
        "y": 6,
      },
      Object {
        "type": "wall",
        "x": 2,
        "y": 7,
      },
      Object {
        "type": "wall",
        "x": 2,
        "y": 8,
      },
      Object {
        "type": "floor",
        "x": 2,
        "y": 9,
      },
      Object {
        "type": "wall",
        "x": 2,
        "y": 10,
      },
      Object {
        "type": "floor",
        "x": 2,
        "y": 11,
      },
      Object {
        "type": "floor",
        "x": 2,
        "y": 12,
      },
      Object {
        "type": "floor",
        "x": 2,
        "y": 13,
      },
      Object {
        "type": "wall",
        "x": 2,
        "y": 14,
      },
      Object {
        "type": "wall",
        "x": 2,
        "y": 15,
      },
      Object {
        "type": "wall",
        "x": 2,
        "y": 16,
      },
      Object {
        "type": "wall",
        "x": 2,
        "y": 17,
      },
      Object {
        "type": "wall",
        "x": 2,
        "y": 18,
      },
      Object {
        "type": "wall",
        "x": 2,
        "y": 19,
      },
      Object {
        "type": "wall",
        "x": 2,
        "y": 20,
      },
    ],
    Array [
      Object {
        "type": "wall",
        "x": 3,
        "y": 0,
      },
      Object {
        "type": "floor",
        "x": 3,
        "y": 1,
      },
      Object {
        "type": "floor",
        "x": 3,
        "y": 2,
      },
      Object {
        "type": "floor",
        "x": 3,
        "y": 3,
      },
      Object {
        "type": "floor",
        "x": 3,
        "y": 4,
      },
      Object {
        "type": "floor",
        "x": 3,
        "y": 5,
      },
      Object {
        "type": "floor",
        "x": 3,
        "y": 6,
      },
      Object {
        "type": "floor",
        "x": 3,
        "y": 7,
      },
      Object {
        "type": "floor",
        "x": 3,
        "y": 8,
      },
      Object {
        "type": "floor",
        "x": 3,
        "y": 9,
      },
      Object {
        "type": "wall",
        "x": 3,
        "y": 10,
      },
      Object {
        "type": "floor",
        "x": 3,
        "y": 11,
      },
      Object {
        "type": "floor",
        "x": 3,
        "y": 12,
      },
      Object {
        "type": "floor",
        "x": 3,
        "y": 13,
      },
      Object {
        "type": "wall",
        "x": 3,
        "y": 14,
      },
      Object {
        "type": "floor",
        "x": 3,
        "y": 15,
      },
      Object {
        "type": "floor",
        "x": 3,
        "y": 16,
      },
      Object {
        "type": "floor",
        "x": 3,
        "y": 17,
      },
      Object {
        "type": "wall",
        "x": 3,
        "y": 18,
      },
      Object {
        "type": "wall",
        "x": 3,
        "y": 19,
      },
      Object {
        "type": "wall",
        "x": 3,
        "y": 20,
      },
    ],
    Array [
      Object {
        "type": "wall",
        "x": 4,
        "y": 0,
      },
      Object {
        "type": "floor",
        "x": 4,
        "y": 1,
      },
      Object {
        "type": "wall",
        "x": 4,
        "y": 2,
      },
      Object {
        "type": "wall",
        "x": 4,
        "y": 3,
      },
      Object {
        "type": "wall",
        "x": 4,
        "y": 4,
      },
      Object {
        "type": "door",
        "x": 4,
        "y": 5,
      },
      Object {
        "type": "wall",
        "x": 4,
        "y": 6,
      },
      Object {
        "type": "wall",
        "x": 4,
        "y": 7,
      },
      Object {
        "type": "wall",
        "x": 4,
        "y": 8,
      },
      Object {
        "type": "door",
        "x": 4,
        "y": 9,
      },
      Object {
        "type": "wall",
        "x": 4,
        "y": 10,
      },
      Object {
        "type": "floor",
        "x": 4,
        "y": 11,
      },
      Object {
        "type": "floor",
        "x": 4,
        "y": 12,
      },
      Object {
        "type": "floor",
        "x": 4,
        "y": 13,
      },
      Object {
        "type": "wall",
        "x": 4,
        "y": 14,
      },
      Object {
        "type": "floor",
        "x": 4,
        "y": 15,
      },
      Object {
        "type": "wall",
        "x": 4,
        "y": 16,
      },
      Object {
        "type": "door",
        "x": 4,
        "y": 17,
      },
      Object {
        "type": "wall",
        "x": 4,
        "y": 18,
      },
      Object {
        "type": "wall",
        "x": 4,
        "y": 19,
      },
      Object {
        "type": "wall",
        "x": 4,
        "y": 20,
      },
    ],
    Array [
      Object {
        "type": "wall",
        "x": 5,
        "y": 0,
      },
      Object {
        "type": "floor",
        "x": 5,
        "y": 1,
      },
      Object {
        "type": "door",
        "x": 5,
        "y": 2,
      },
      Object {
        "type": "floor",
        "x": 5,
        "y": 3,
      },
      Object {
        "type": "floor",
        "x": 5,
        "y": 4,
      },
      Object {
        "type": "floor",
        "x": 5,
        "y": 5,
      },
      Object {
        "type": "wall",
        "x": 5,
        "y": 6,
      },
      Object {
        "type": "floor",
        "x": 5,
        "y": 7,
      },
      Object {
        "type": "floor",
        "x": 5,
        "y": 8,
      },
      Object {
        "type": "floor",
        "x": 5,
        "y": 9,
      },
      Object {
        "type": "door",
        "x": 5,
        "y": 10,
      },
      Object {
        "type": "floor",
        "x": 5,
        "y": 11,
      },
      Object {
        "type": "floor",
        "x": 5,
        "y": 12,
      },
      Object {
        "type": "floor",
        "x": 5,
        "y": 13,
      },
      Object {
        "type": "door",
        "x": 5,
        "y": 14,
      },
      Object {
        "type": "floor",
        "x": 5,
        "y": 15,
      },
      Object {
        "type": "wall",
        "x": 5,
        "y": 16,
      },
      Object {
        "type": "floor",
        "x": 5,
        "y": 17,
      },
      Object {
        "type": "floor",
        "x": 5,
        "y": 18,
      },
      Object {
        "type": "floor",
        "x": 5,
        "y": 19,
      },
      Object {
        "type": "wall",
        "x": 5,
        "y": 20,
      },
    ],
    Array [
      Object {
        "type": "wall",
        "x": 6,
        "y": 0,
      },
      Object {
        "type": "floor",
        "x": 6,
        "y": 1,
      },
      Object {
        "type": "wall",
        "x": 6,
        "y": 2,
      },
      Object {
        "type": "floor",
        "x": 6,
        "y": 3,
      },
      Object {
        "type": "floor",
        "x": 6,
        "y": 4,
      },
      Object {
        "type": "floor",
        "x": 6,
        "y": 5,
      },
      Object {
        "type": "wall",
        "x": 6,
        "y": 6,
      },
      Object {
        "type": "floor",
        "x": 6,
        "y": 7,
      },
      Object {
        "type": "floor",
        "x": 6,
        "y": 8,
      },
      Object {
        "type": "floor",
        "x": 6,
        "y": 9,
      },
      Object {
        "type": "wall",
        "x": 6,
        "y": 10,
      },
      Object {
        "type": "wall",
        "x": 6,
        "y": 11,
      },
      Object {
        "type": "door",
        "x": 6,
        "y": 12,
      },
      Object {
        "type": "wall",
        "x": 6,
        "y": 13,
      },
      Object {
        "type": "wall",
        "x": 6,
        "y": 14,
      },
      Object {
        "type": "floor",
        "x": 6,
        "y": 15,
      },
      Object {
        "type": "wall",
        "x": 6,
        "y": 16,
      },
      Object {
        "type": "floor",
        "x": 6,
        "y": 17,
      },
      Object {
        "type": "floor",
        "x": 6,
        "y": 18,
      },
      Object {
        "type": "floor",
        "x": 6,
        "y": 19,
      },
      Object {
        "type": "wall",
        "x": 6,
        "y": 20,
      },
    ],
    Array [
      Object {
        "type": "wall",
        "x": 7,
        "y": 0,
      },
      Object {
        "type": "floor",
        "x": 7,
        "y": 1,
      },
      Object {
        "type": "wall",
        "x": 7,
        "y": 2,
      },
      Object {
        "type": "floor",
        "x": 7,
        "y": 3,
      },
      Object {
        "type": "floor",
        "x": 7,
        "y": 4,
      },
      Object {
        "type": "floor",
        "x": 7,
        "y": 5,
      },
      Object {
        "type": "door",
        "x": 7,
        "y": 6,
      },
      Object {
        "type": "floor",
        "x": 7,
        "y": 7,
      },
      Object {
        "type": "floor",
        "x": 7,
        "y": 8,
      },
      Object {
        "type": "floor",
        "x": 7,
        "y": 9,
      },
      Object {
        "type": "door",
        "x": 7,
        "y": 10,
      },
      Object {
        "type": "floor",
        "x": 7,
        "y": 11,
      },
      Object {
        "type": "floor",
        "x": 7,
        "y": 12,
      },
      Object {
        "type": "floor",
        "x": 7,
        "y": 13,
      },
      Object {
        "type": "floor",
        "x": 7,
        "y": 14,
      },
      Object {
        "type": "floor",
        "x": 7,
        "y": 15,
      },
      Object {
        "type": "door",
        "x": 7,
        "y": 16,
      },
      Object {
        "type": "floor",
        "x": 7,
        "y": 17,
      },
      Object {
        "type": "floor",
        "x": 7,
        "y": 18,
      },
      Object {
        "type": "floor",
        "x": 7,
        "y": 19,
      },
      Object {
        "type": "wall",
        "x": 7,
        "y": 20,
      },
    ],
    Array [
      Object {
        "type": "wall",
        "x": 8,
        "y": 0,
      },
      Object {
        "type": "floor",
        "x": 8,
        "y": 1,
      },
      Object {
        "type": "wall",
        "x": 8,
        "y": 2,
      },
      Object {
        "type": "wall",
        "x": 8,
        "y": 3,
      },
      Object {
        "type": "wall",
        "x": 8,
        "y": 4,
      },
      Object {
        "type": "door",
        "x": 8,
        "y": 5,
      },
      Object {
        "type": "wall",
        "x": 8,
        "y": 6,
      },
      Object {
        "type": "wall",
        "x": 8,
        "y": 7,
      },
      Object {
        "type": "door",
        "x": 8,
        "y": 8,
      },
      Object {
        "type": "wall",
        "x": 8,
        "y": 9,
      },
      Object {
        "type": "wall",
        "x": 8,
        "y": 10,
      },
      Object {
        "type": "wall",
        "x": 8,
        "y": 11,
      },
      Object {
        "type": "wall",
        "x": 8,
        "y": 12,
      },
      Object {
        "type": "door",
        "x": 8,
        "y": 13,
      },
      Object {
        "type": "wall",
        "x": 8,
        "y": 14,
      },
      Object {
        "type": "wall",
        "x": 8,
        "y": 15,
      },
      Object {
        "type": "wall",
        "x": 8,
        "y": 16,
      },
      Object {
        "type": "wall",
        "x": 8,
        "y": 17,
      },
      Object {
        "type": "door",
        "x": 8,
        "y": 18,
      },
      Object {
        "type": "wall",
        "x": 8,
        "y": 19,
      },
      Object {
        "type": "wall",
        "x": 8,
        "y": 20,
      },
    ],
    Array [
      Object {
        "type": "wall",
        "x": 9,
        "y": 0,
      },
      Object {
        "type": "floor",
        "x": 9,
        "y": 1,
      },
      Object {
        "type": "floor",
        "x": 9,
        "y": 2,
      },
      Object {
        "type": "floor",
        "x": 9,
        "y": 3,
      },
      Object {
        "type": "wall",
        "x": 9,
        "y": 4,
      },
      Object {
        "type": "floor",
        "x": 9,
        "y": 5,
      },
      Object {
        "type": "floor",
        "x": 9,
        "y": 6,
      },
      Object {
        "type": "floor",
        "x": 9,
        "y": 7,
      },
      Object {
        "type": "floor",
        "x": 9,
        "y": 8,
      },
      Object {
        "type": "floor",
        "x": 9,
        "y": 9,
      },
      Object {
        "type": "floor",
        "x": 9,
        "y": 10,
      },
      Object {
        "type": "floor",
        "x": 9,
        "y": 11,
      },
      Object {
        "type": "floor",
        "x": 9,
        "y": 12,
      },
      Object {
        "type": "floor",
        "x": 9,
        "y": 13,
      },
      Object {
        "type": "floor",
        "x": 9,
        "y": 14,
      },
      Object {
        "type": "floor",
        "x": 9,
        "y": 15,
      },
      Object {
        "type": "wall",
        "x": 9,
        "y": 16,
      },
      Object {
        "type": "floor",
        "x": 9,
        "y": 17,
      },
      Object {
        "type": "floor",
        "x": 9,
        "y": 18,
      },
      Object {
        "type": "floor",
        "x": 9,
        "y": 19,
      },
      Object {
        "type": "wall",
        "x": 9,
        "y": 20,
      },
    ],
    Array [
      Object {
        "type": "wall",
        "x": 10,
        "y": 0,
      },
      Object {
        "type": "wall",
        "x": 10,
        "y": 1,
      },
      Object {
        "type": "wall",
        "x": 10,
        "y": 2,
      },
      Object {
        "type": "floor",
        "x": 10,
        "y": 3,
      },
      Object {
        "type": "wall",
        "x": 10,
        "y": 4,
      },
      Object {
        "type": "floor",
        "x": 10,
        "y": 5,
      },
      Object {
        "type": "floor",
        "x": 10,
        "y": 6,
      },
      Object {
        "type": "floor",
        "x": 10,
        "y": 7,
      },
      Object {
        "type": "floor",
        "x": 10,
        "y": 8,
      },
      Object {
        "type": "floor",
        "x": 10,
        "y": 9,
      },
      Object {
        "type": "floor",
        "x": 10,
        "y": 10,
      },
      Object {
        "type": "floor",
        "x": 10,
        "y": 11,
      },
      Object {
        "type": "floor",
        "x": 10,
        "y": 12,
      },
      Object {
        "type": "floor",
        "x": 10,
        "y": 13,
      },
      Object {
        "type": "floor",
        "x": 10,
        "y": 14,
      },
      Object {
        "type": "floor",
        "x": 10,
        "y": 15,
      },
      Object {
        "type": "wall",
        "x": 10,
        "y": 16,
      },
      Object {
        "type": "floor",
        "x": 10,
        "y": 17,
      },
      Object {
        "type": "wall",
        "x": 10,
        "y": 18,
      },
      Object {
        "type": "floor",
        "x": 10,
        "y": 19,
      },
      Object {
        "type": "wall",
        "x": 10,
        "y": 20,
      },
    ],
    Array [
      Object {
        "type": "wall",
        "x": 11,
        "y": 0,
      },
      Object {
        "type": "wall",
        "x": 11,
        "y": 1,
      },
      Object {
        "type": "floor",
        "x": 11,
        "y": 2,
      },
      Object {
        "type": "floor",
        "x": 11,
        "y": 3,
      },
      Object {
        "type": "door",
        "x": 11,
        "y": 4,
      },
      Object {
        "type": "floor",
        "x": 11,
        "y": 5,
      },
      Object {
        "type": "floor",
        "x": 11,
        "y": 6,
      },
      Object {
        "type": "floor",
        "x": 11,
        "y": 7,
      },
      Object {
        "type": "floor",
        "x": 11,
        "y": 8,
      },
      Object {
        "type": "floor",
        "x": 11,
        "y": 9,
      },
      Object {
        "type": "floor",
        "x": 11,
        "y": 10,
      },
      Object {
        "type": "floor",
        "x": 11,
        "y": 11,
      },
      Object {
        "type": "floor",
        "x": 11,
        "y": 12,
      },
      Object {
        "type": "floor",
        "x": 11,
        "y": 13,
      },
      Object {
        "type": "floor",
        "x": 11,
        "y": 14,
      },
      Object {
        "type": "floor",
        "x": 11,
        "y": 15,
      },
      Object {
        "type": "wall",
        "x": 11,
        "y": 16,
      },
      Object {
        "type": "floor",
        "x": 11,
        "y": 17,
      },
      Object {
        "type": "wall",
        "x": 11,
        "y": 18,
      },
      Object {
        "type": "floor",
        "x": 11,
        "y": 19,
      },
      Object {
        "type": "wall",
        "x": 11,
        "y": 20,
      },
    ],
    Array [
      Object {
        "type": "wall",
        "x": 12,
        "y": 0,
      },
      Object {
        "type": "wall",
        "x": 12,
        "y": 1,
      },
      Object {
        "type": "door",
        "x": 12,
        "y": 2,
      },
      Object {
        "type": "wall",
        "x": 12,
        "y": 3,
      },
      Object {
        "type": "wall",
        "x": 12,
        "y": 4,
      },
      Object {
        "type": "floor",
        "x": 12,
        "y": 5,
      },
      Object {
        "type": "floor",
        "x": 12,
        "y": 6,
      },
      Object {
        "type": "floor",
        "x": 12,
        "y": 7,
      },
      Object {
        "type": "floor",
        "x": 12,
        "y": 8,
      },
      Object {
        "type": "floor",
        "x": 12,
        "y": 9,
      },
      Object {
        "type": "floor",
        "x": 12,
        "y": 10,
      },
      Object {
        "type": "floor",
        "x": 12,
        "y": 11,
      },
      Object {
        "type": "floor",
        "x": 12,
        "y": 12,
      },
      Object {
        "type": "floor",
        "x": 12,
        "y": 13,
      },
      Object {
        "type": "floor",
        "x": 12,
        "y": 14,
      },
      Object {
        "type": "floor",
        "x": 12,
        "y": 15,
      },
      Object {
        "type": "door",
        "x": 12,
        "y": 16,
      },
      Object {
        "type": "floor",
        "x": 12,
        "y": 17,
      },
      Object {
        "type": "wall",
        "x": 12,
        "y": 18,
      },
      Object {
        "type": "floor",
        "x": 12,
        "y": 19,
      },
      Object {
        "type": "wall",
        "x": 12,
        "y": 20,
      },
    ],
    Array [
      Object {
        "type": "wall",
        "x": 13,
        "y": 0,
      },
      Object {
        "type": "floor",
        "x": 13,
        "y": 1,
      },
      Object {
        "type": "floor",
        "x": 13,
        "y": 2,
      },
      Object {
        "type": "floor",
        "x": 13,
        "y": 3,
      },
      Object {
        "type": "wall",
        "x": 13,
        "y": 4,
      },
      Object {
        "type": "floor",
        "x": 13,
        "y": 5,
      },
      Object {
        "type": "floor",
        "x": 13,
        "y": 6,
      },
      Object {
        "type": "floor",
        "x": 13,
        "y": 7,
      },
      Object {
        "type": "floor",
        "x": 13,
        "y": 8,
      },
      Object {
        "type": "floor",
        "x": 13,
        "y": 9,
      },
      Object {
        "type": "floor",
        "x": 13,
        "y": 10,
      },
      Object {
        "type": "floor",
        "x": 13,
        "y": 11,
      },
      Object {
        "type": "floor",
        "x": 13,
        "y": 12,
      },
      Object {
        "type": "floor",
        "x": 13,
        "y": 13,
      },
      Object {
        "type": "floor",
        "x": 13,
        "y": 14,
      },
      Object {
        "type": "floor",
        "x": 13,
        "y": 15,
      },
      Object {
        "type": "wall",
        "x": 13,
        "y": 16,
      },
      Object {
        "type": "wall",
        "x": 13,
        "y": 17,
      },
      Object {
        "type": "wall",
        "x": 13,
        "y": 18,
      },
      Object {
        "type": "floor",
        "x": 13,
        "y": 19,
      },
      Object {
        "type": "wall",
        "x": 13,
        "y": 20,
      },
    ],
    Array [
      Object {
        "type": "wall",
        "x": 14,
        "y": 0,
      },
      Object {
        "type": "floor",
        "x": 14,
        "y": 1,
      },
      Object {
        "type": "floor",
        "x": 14,
        "y": 2,
      },
      Object {
        "type": "floor",
        "x": 14,
        "y": 3,
      },
      Object {
        "type": "door",
        "x": 14,
        "y": 4,
      },
      Object {
        "type": "floor",
        "x": 14,
        "y": 5,
      },
      Object {
        "type": "floor",
        "x": 14,
        "y": 6,
      },
      Object {
        "type": "floor",
        "x": 14,
        "y": 7,
      },
      Object {
        "type": "floor",
        "x": 14,
        "y": 8,
      },
      Object {
        "type": "floor",
        "x": 14,
        "y": 9,
      },
      Object {
        "type": "floor",
        "x": 14,
        "y": 10,
      },
      Object {
        "type": "floor",
        "x": 14,
        "y": 11,
      },
      Object {
        "type": "floor",
        "x": 14,
        "y": 12,
      },
      Object {
        "type": "floor",
        "x": 14,
        "y": 13,
      },
      Object {
        "type": "floor",
        "x": 14,
        "y": 14,
      },
      Object {
        "type": "floor",
        "x": 14,
        "y": 15,
      },
      Object {
        "type": "wall",
        "x": 14,
        "y": 16,
      },
      Object {
        "type": "wall",
        "x": 14,
        "y": 17,
      },
      Object {
        "type": "wall",
        "x": 14,
        "y": 18,
      },
      Object {
        "type": "floor",
        "x": 14,
        "y": 19,
      },
      Object {
        "type": "wall",
        "x": 14,
        "y": 20,
      },
    ],
    Array [
      Object {
        "type": "wall",
        "x": 15,
        "y": 0,
      },
      Object {
        "type": "floor",
        "x": 15,
        "y": 1,
      },
      Object {
        "type": "floor",
        "x": 15,
        "y": 2,
      },
      Object {
        "type": "floor",
        "x": 15,
        "y": 3,
      },
      Object {
        "type": "wall",
        "x": 15,
        "y": 4,
      },
      Object {
        "type": "floor",
        "x": 15,
        "y": 5,
      },
      Object {
        "type": "floor",
        "x": 15,
        "y": 6,
      },
      Object {
        "type": "floor",
        "x": 15,
        "y": 7,
      },
      Object {
        "type": "floor",
        "x": 15,
        "y": 8,
      },
      Object {
        "type": "floor",
        "x": 15,
        "y": 9,
      },
      Object {
        "type": "floor",
        "x": 15,
        "y": 10,
      },
      Object {
        "type": "floor",
        "x": 15,
        "y": 11,
      },
      Object {
        "type": "floor",
        "x": 15,
        "y": 12,
      },
      Object {
        "type": "floor",
        "x": 15,
        "y": 13,
      },
      Object {
        "type": "floor",
        "x": 15,
        "y": 14,
      },
      Object {
        "type": "floor",
        "x": 15,
        "y": 15,
      },
      Object {
        "type": "wall",
        "x": 15,
        "y": 16,
      },
      Object {
        "type": "floor",
        "x": 15,
        "y": 17,
      },
      Object {
        "type": "floor",
        "x": 15,
        "y": 18,
      },
      Object {
        "type": "floor",
        "x": 15,
        "y": 19,
      },
      Object {
        "type": "wall",
        "x": 15,
        "y": 20,
      },
    ],
    Array [
      Object {
        "type": "wall",
        "x": 16,
        "y": 0,
      },
      Object {
        "type": "floor",
        "x": 16,
        "y": 1,
      },
      Object {
        "type": "floor",
        "x": 16,
        "y": 2,
      },
      Object {
        "type": "floor",
        "x": 16,
        "y": 3,
      },
      Object {
        "type": "wall",
        "x": 16,
        "y": 4,
      },
      Object {
        "type": "wall",
        "x": 16,
        "y": 5,
      },
      Object {
        "type": "wall",
        "x": 16,
        "y": 6,
      },
      Object {
        "type": "door",
        "x": 16,
        "y": 7,
      },
      Object {
        "type": "wall",
        "x": 16,
        "y": 8,
      },
      Object {
        "type": "wall",
        "x": 16,
        "y": 9,
      },
      Object {
        "type": "door",
        "x": 16,
        "y": 10,
      },
      Object {
        "type": "wall",
        "x": 16,
        "y": 11,
      },
      Object {
        "type": "wall",
        "x": 16,
        "y": 12,
      },
      Object {
        "type": "wall",
        "x": 16,
        "y": 13,
      },
      Object {
        "type": "wall",
        "x": 16,
        "y": 14,
      },
      Object {
        "type": "door",
        "x": 16,
        "y": 15,
      },
      Object {
        "type": "wall",
        "x": 16,
        "y": 16,
      },
      Object {
        "type": "floor",
        "x": 16,
        "y": 17,
      },
      Object {
        "type": "wall",
        "x": 16,
        "y": 18,
      },
      Object {
        "type": "floor",
        "x": 16,
        "y": 19,
      },
      Object {
        "type": "wall",
        "x": 16,
        "y": 20,
      },
    ],
    Array [
      Object {
        "type": "wall",
        "x": 17,
        "y": 0,
      },
      Object {
        "type": "floor",
        "x": 17,
        "y": 1,
      },
      Object {
        "type": "floor",
        "x": 17,
        "y": 2,
      },
      Object {
        "type": "floor",
        "x": 17,
        "y": 3,
      },
      Object {
        "type": "door",
        "x": 17,
        "y": 4,
      },
      Object {
        "type": "floor",
        "x": 17,
        "y": 5,
      },
      Object {
        "type": "floor",
        "x": 17,
        "y": 6,
      },
      Object {
        "type": "floor",
        "x": 17,
        "y": 7,
      },
      Object {
        "type": "wall",
        "x": 17,
        "y": 8,
      },
      Object {
        "type": "floor",
        "x": 17,
        "y": 9,
      },
      Object {
        "type": "floor",
        "x": 17,
        "y": 10,
      },
      Object {
        "type": "floor",
        "x": 17,
        "y": 11,
      },
      Object {
        "type": "door",
        "x": 17,
        "y": 12,
      },
      Object {
        "type": "floor",
        "x": 17,
        "y": 13,
      },
      Object {
        "type": "floor",
        "x": 17,
        "y": 14,
      },
      Object {
        "type": "floor",
        "x": 17,
        "y": 15,
      },
      Object {
        "type": "floor",
        "x": 17,
        "y": 16,
      },
      Object {
        "type": "floor",
        "x": 17,
        "y": 17,
      },
      Object {
        "type": "wall",
        "x": 17,
        "y": 18,
      },
      Object {
        "type": "floor",
        "x": 17,
        "y": 19,
      },
      Object {
        "type": "wall",
        "x": 17,
        "y": 20,
      },
    ],
    Array [
      Object {
        "type": "wall",
        "x": 18,
        "y": 0,
      },
      Object {
        "type": "wall",
        "x": 18,
        "y": 1,
      },
      Object {
        "type": "door",
        "x": 18,
        "y": 2,
      },
      Object {
        "type": "wall",
        "x": 18,
        "y": 3,
      },
      Object {
        "type": "wall",
        "x": 18,
        "y": 4,
      },
      Object {
        "type": "wall",
        "x": 18,
        "y": 5,
      },
      Object {
        "type": "wall",
        "x": 18,
        "y": 6,
      },
      Object {
        "type": "floor",
        "x": 18,
        "y": 7,
      },
      Object {
        "type": "door",
        "x": 18,
        "y": 8,
      },
      Object {
        "type": "floor",
        "x": 18,
        "y": 9,
      },
      Object {
        "type": "floor",
        "x": 18,
        "y": 10,
      },
      Object {
        "type": "floor",
        "x": 18,
        "y": 11,
      },
      Object {
        "type": "wall",
        "x": 18,
        "y": 12,
      },
      Object {
        "type": "wall",
        "x": 18,
        "y": 13,
      },
      Object {
        "type": "wall",
        "x": 18,
        "y": 14,
      },
      Object {
        "type": "wall",
        "x": 18,
        "y": 15,
      },
      Object {
        "type": "wall",
        "x": 18,
        "y": 16,
      },
      Object {
        "type": "wall",
        "x": 18,
        "y": 17,
      },
      Object {
        "type": "wall",
        "x": 18,
        "y": 18,
      },
      Object {
        "type": "floor",
        "x": 18,
        "y": 19,
      },
      Object {
        "type": "wall",
        "x": 18,
        "y": 20,
      },
    ],
    Array [
      Object {
        "type": "wall",
        "x": 19,
        "y": 0,
      },
      Object {
        "type": "wall",
        "x": 19,
        "y": 1,
      },
      Object {
        "type": "floor",
        "x": 19,
        "y": 2,
      },
      Object {
        "type": "floor",
        "x": 19,
        "y": 3,
      },
      Object {
        "type": "floor",
        "x": 19,
        "y": 4,
      },
      Object {
        "type": "floor",
        "x": 19,
        "y": 5,
      },
      Object {
        "type": "floor",
        "x": 19,
        "y": 6,
      },
      Object {
        "type": "floor",
        "x": 19,
        "y": 7,
      },
      Object {
        "type": "wall",
        "x": 19,
        "y": 8,
      },
      Object {
        "type": "floor",
        "x": 19,
        "y": 9,
      },
      Object {
        "type": "floor",
        "x": 19,
        "y": 10,
      },
      Object {
        "type": "floor",
        "x": 19,
        "y": 11,
      },
      Object {
        "type": "door",
        "x": 19,
        "y": 12,
      },
      Object {
        "type": "floor",
        "x": 19,
        "y": 13,
      },
      Object {
        "type": "floor",
        "x": 19,
        "y": 14,
      },
      Object {
        "type": "floor",
        "x": 19,
        "y": 15,
      },
      Object {
        "type": "floor",
        "x": 19,
        "y": 16,
      },
      Object {
        "type": "floor",
        "x": 19,
        "y": 17,
      },
      Object {
        "type": "floor",
        "x": 19,
        "y": 18,
      },
      Object {
        "type": "floor",
        "x": 19,
        "y": 19,
      },
      Object {
        "type": "wall",
        "x": 19,
        "y": 20,
      },
    ],
    Array [
      Object {
        "type": "wall",
        "x": 20,
        "y": 0,
      },
      Object {
        "type": "wall",
        "x": 20,
        "y": 1,
      },
      Object {
        "type": "wall",
        "x": 20,
        "y": 2,
      },
      Object {
        "type": "wall",
        "x": 20,
        "y": 3,
      },
      Object {
        "type": "wall",
        "x": 20,
        "y": 4,
      },
      Object {
        "type": "wall",
        "x": 20,
        "y": 5,
      },
      Object {
        "type": "wall",
        "x": 20,
        "y": 6,
      },
      Object {
        "type": "wall",
        "x": 20,
        "y": 7,
      },
      Object {
        "type": "wall",
        "x": 20,
        "y": 8,
      },
      Object {
        "type": "wall",
        "x": 20,
        "y": 9,
      },
      Object {
        "type": "wall",
        "x": 20,
        "y": 10,
      },
      Object {
        "type": "wall",
        "x": 20,
        "y": 11,
      },
      Object {
        "type": "wall",
        "x": 20,
        "y": 12,
      },
      Object {
        "type": "wall",
        "x": 20,
        "y": 13,
      },
      Object {
        "type": "wall",
        "x": 20,
        "y": 14,
      },
      Object {
        "type": "wall",
        "x": 20,
        "y": 15,
      },
      Object {
        "type": "wall",
        "x": 20,
        "y": 16,
      },
      Object {
        "type": "wall",
        "x": 20,
        "y": 17,
      },
      Object {
        "type": "wall",
        "x": 20,
        "y": 18,
      },
      Object {
        "type": "wall",
        "x": 20,
        "y": 19,
      },
      Object {
        "type": "wall",
        "x": 20,
        "y": 20,
      },
    ],
  ],
}
`;
