// Jest Snapshot v1, https://goo.gl/fbAQLP

exports[`seeds seeded dungeons should be consistent 1`] = `
Object {
  "rooms": Array [],
  "seed": undefined,
  "tiles": Array [],
}
`;
